// Vitest Snapshot v1

exports[`constants > should declare the package constants 1`] = `
{
  "ERROR_CODES": {
    "EXECUTION_REVERTED": "EXECUTION_REVERTED",
    "REJECTED_TRANSACTION": "REJECTED_TRANSACTION",
    "TRANSACTION_RUN_OUT_OF_GAS": "TRANSACTION_RUN_OUT_OF_GAS",
    "TRANSACTION_UNDERPRICED": "TRANSACTION_UNDERPRICED",
    "UNKNOWN_ERROR": "UNKNOWN_ERROR",
  },
  "ETHERS_ERROR_CODES": {
    "ERROR_WHILE_FORMATTING_OUTPUT_FROM_RPC": -32603,
    "REJECTED_TRANSACTION": 4001,
    "REQUIRE_TRANSACTION": -32603,
    "TRANSACTION_UNDERPRICED": -32000,
  },
  Symbol(Symbol.toStringTag): "Module",
}
`;
